[debug] [2025-11-14T17:40:23.009Z] ----------------------------------------------------------------------
[debug] [2025-11-14T17:40:23.011Z] Command:       C:\Program Files\nodejs\node.exe C:\Users\ekn\AppData\Roaming\npm\node_modules\firebase-tools\lib\bin\firebase.js init
[debug] [2025-11-14T17:40:23.011Z] CLI Version:   14.15.2
[debug] [2025-11-14T17:40:23.011Z] Platform:      win32
[debug] [2025-11-14T17:40:23.011Z] Node Version:  v22.17.0
[debug] [2025-11-14T17:40:23.011Z] Time:          Fri Nov 14 2025 19:40:23 GMT+0200 (Χειμερινή ώρα Ανατολικής Ευρώπης)
[debug] [2025-11-14T17:40:23.011Z] ----------------------------------------------------------------------
[debug] 
[debug] [2025-11-14T17:40:23.013Z] >>> [apiv2][query] GET https://firebase-public.firebaseio.com/cli.json [none]
[debug] [2025-11-14T17:40:23.043Z] > command requires scopes: ["email","openid","https://www.googleapis.com/auth/cloudplatformprojects.readonly","https://www.googleapis.com/auth/firebase","https://www.googleapis.com/auth/cloud-platform"]
[debug] [2025-11-14T17:40:23.043Z] > authorizing via signed-in user (eli.kanakis@gmail.com)
[info] 
     ######## #### ########  ######## ########     ###     ######  ########
     ##        ##  ##     ## ##       ##     ##  ##   ##  ##       ##
     ######    ##  ########  ######   ########  #########  ######  ######
     ##        ##  ##    ##  ##       ##     ## ##     ##       ## ##
     ##       #### ##     ## ######## ########  ##     ##  ######  ########

You're about to initialize a Firebase project in this directory:

  C:\Elias\Sources\wrh-coord-platform\wcp-frontend

Before we get started, keep in mind:

  * You are currently outside your home directory

[debug] [2025-11-14T17:40:23.497Z] <<< [apiv2][status] GET https://firebase-public.firebaseio.com/cli.json 200
[debug] [2025-11-14T17:40:23.497Z] <<< [apiv2][body] GET https://firebase-public.firebaseio.com/cli.json {"cloudBuildErrorAfter":1594252800000,"cloudBuildWarnAfter":1590019200000,"defaultNode10After":1594252800000,"minVersion":"3.0.5","node8DeploysDisabledAfter":1613390400000,"node8RuntimeDisabledAfter":1615809600000,"node8WarnAfter":1600128000000}
